# serializer version: 1
# name: test_async_update_data_success_handles_edge_payloads
  dict({
    '674908700048': dict({
      'charge_mode': 'IDLE',
      'charge_mode_pref': None,
      'charging': False,
      'charging_level': None,
      'commissioned': True,
      'connected': False,
      'connection': 'wifi',
      'connector_reason': None,
      'connector_status': None,
      'display_name': 'Edge',
      'dlb_enabled': True,
      'energy_today_sessions': list([
      ]),
      'energy_today_sessions_kwh': 0.0,
      'faulted': False,
      'ip_address': '10.0.0.11',
      'last_reported_at': '2025-01-01T00:00:00Z',
      'lifetime_kwh': 5.5,
      'max_amp': None,
      'max_current': 32,
      'min_amp': None,
      'name': 'Edge',
      'operating_v': None,
      'phase_mode': 'SINGLE',
      'plugged': True,
      'schedule_end': None,
      'schedule_start': None,
      'schedule_status': None,
      'schedule_type': None,
      'session_charge_level': None,
      'session_cost': None,
      'session_end': None,
      'session_energy_wh': 500.0,
      'session_kwh': 500.0,
      'session_miles': ' ',
      'session_plug_in_at': None,
      'session_plug_out_at': None,
      'session_start': None,
      'sn': '674908700048',
      'status': 'ONLINE',
      'suspended_by_evse': False,
    }),
    'AUX': dict({
      'charge_mode': 'IDLE',
      'charge_mode_pref': None,
      'charging': False,
      'charging_level': None,
      'commissioned': False,
      'connected': False,
      'connector_reason': None,
      'connector_status': None,
      'display_name': 'Aux',
      'energy_today_sessions': list([
      ]),
      'energy_today_sessions_kwh': 0.0,
      'faulted': False,
      'last_reported_at': '2023-11-14T22:15:23+00:00',
      'name': 'Aux',
      'operating_v': None,
      'plugged': True,
      'schedule_end': None,
      'schedule_start': None,
      'schedule_status': None,
      'schedule_type': None,
      'session_charge_level': None,
      'session_cost': None,
      'session_end': None,
      'session_energy_wh': 0.0,
      'session_kwh': 0.0,
      'session_miles': object(
      ),
      'session_plug_in_at': None,
      'session_plug_out_at': None,
      'session_start': None,
      'sn': 'AUX',
      'suspended_by_evse': False,
    }),
    'FOURTH': dict({
      'charge_mode': 'IDLE',
      'charge_mode_pref': None,
      'charging': False,
      'charging_level': None,
      'commissioned': False,
      'connected': False,
      'connector_reason': None,
      'connector_status': None,
      'display_name': 'Fourth',
      'energy_today_sessions': list([
      ]),
      'energy_today_sessions_kwh': 0.0,
      'faulted': False,
      'last_reported_at': '2023-11-14T22:15:23+00:00',
      'name': 'Fourth',
      'operating_v': None,
      'plugged': True,
      'schedule_end': None,
      'schedule_start': None,
      'schedule_status': None,
      'schedule_type': None,
      'session_charge_level': None,
      'session_cost': None,
      'session_end': None,
      'session_energy_wh': 0.0,
      'session_kwh': 0.0,
      'session_miles': None,
      'session_plug_in_at': None,
      'session_plug_out_at': None,
      'session_start': None,
      'sn': 'FOURTH',
      'suspended_by_evse': False,
    }),
    'NEW2': dict({
      'energy_today_sessions': list([
      ]),
      'energy_today_sessions_kwh': 0.0,
      'ip_address': '192.0.2.1',
      'max_amp': None,
      'max_current': None,
      'min_amp': None,
      'phase_mode': None,
      'status': None,
    }),
    'THIRD': dict({
      'charge_mode': 'IDLE',
      'charge_mode_pref': None,
      'charging': False,
      'charging_level': None,
      'commissioned': False,
      'connected': False,
      'connector_reason': None,
      'connector_status': None,
      'display_name': 'Third',
      'energy_today_sessions': list([
      ]),
      'energy_today_sessions_kwh': 0.0,
      'faulted': False,
      'last_reported_at': '2023-11-14T22:15:23+00:00',
      'name': 'Third',
      'operating_v': None,
      'plugged': True,
      'schedule_end': None,
      'schedule_start': None,
      'schedule_status': None,
      'schedule_type': None,
      'session_charge_level': None,
      'session_cost': None,
      'session_end': None,
      'session_energy_wh': 0.0,
      'session_kwh': 0.0,
      'session_miles': None,
      'session_plug_in_at': None,
      'session_plug_out_at': None,
      'session_start': None,
      'sn': 'THIRD',
      'suspended_by_evse': False,
    }),
  })
# ---
